[2026-02-23 20:33:47] [INFO] Matcher terminé. 0 succès, 0 échecs, 0 révisions manuelles
[2026-02-23 20:34:58] [INFO] ⏸  Matcher interrompu gracieusement via Ctrl+C
[2026-02-23 20:34:58] [INFO] Matcher terminé. 0 succès, 94 échecs, 0 révisions manuelles
[2026-02-23 20:36:42] [INFO] Matcher terminé. 0 succès, 0 échecs, 0 révisions manuelles
[2026-02-23 20:36:56] [INFO] Matcher terminé. 0 succès, 0 échecs, 0 révisions manuelles
[2026-02-23 20:44:03] [INFO] Matcher terminé. 0 succès, 0 échecs, 0 révisions manuelles
[2026-02-23 20:46:13] [INFO] ⏸  Matcher interrompu gracieusement via Ctrl+C
[2026-02-23 20:46:13] [INFO] Matcher terminé. 14 succès, 1 échecs, 0 révisions manuelles
[2026-02-23 20:50:34] [INFO] Matcher terminé. 288 succès, 190 échecs, 18 révisions manuelles
[2026-02-23 20:52:15] [INFO] Matcher terminé. 61 succès, 55 échecs, 0 révisions manuelles
[2026-02-23 21:48:22] [INFO] Matcher terminé. 4196 succès, 2898 échecs, 49 révisions manuelles
[2026-02-23 21:53:56] [INFO] Aucune ligne à traiter. Tous les morceaux sont déjà enrichis.
[2026-02-23 21:55:00] [INFO] ⏸  Matcher interrompu gracieusement via Ctrl+C
[2026-02-23 21:55:00] [INFO] Matcher terminé. 0 succès, 3 échecs, 0 révisions manuelles
[2026-02-23 22:15:07] [INFO] Matcher terminé. 279 succès, 2099 échecs, 0 révisions manuelles
[2026-02-23 22:25:45] [INFO] Matcher terminé. 0 succès, 1 échecs, 0 révisions manuelles
[2026-02-23 22:33:57] [INFO] ⏸  Matcher interrompu gracieusement via Ctrl+C
[2026-02-23 22:33:57] [INFO] Matcher terminé. 0 succès, 127 échecs, 0 révisions manuelles
[2026-02-23 22:35:56] [INFO] ⏸  Matcher interrompu gracieusement via Ctrl+C
[2026-02-23 22:35:56] [INFO] Matcher terminé. 0 succès, 6 échecs, 0 révisions manuelles
[2026-02-23 22:37:25] [INFO] ⏸  Matcher interrompu gracieusement via Ctrl+C
[2026-02-23 22:37:25] [INFO] Matcher terminé. 0 succès, 10 échecs, 0 révisions manuelles
[2026-02-23 22:41:07] [INFO] Matcher terminé. 0 succès, 1 échecs, 0 révisions manuelles
[2026-02-23 22:54:53] [INFO] ⏸  Matcher interrompu gracieusement via Ctrl+C
[2026-02-23 22:54:53] [INFO] Matcher terminé. 4 succès, 7 échecs, 0 révisions manuelles
[2026-02-23 23:07:56] [INFO] Matcher terminé. 416 succès, 1524 échecs, 0 révisions manuelles
[2026-02-23 23:23:32] [INFO] ⏸  Matcher interrompu gracieusement via Ctrl+C
[2026-02-23 23:23:32] [INFO] Matcher terminé. 23 succès, 221 échecs, 0 révisions manuelles
[2026-02-23 23:32:34] [INFO] Matcher terminé. 0 succès, 1 échecs, 0 révisions manuelles
[2026-02-24 19:37:19] [INFO] Matcher terminé. 0 succès, 1 échecs, 0 révisions manuelles
[2026-02-24 19:37:19] [INFO] Matcher terminé. 0 succès, 0 échecs, 1 révisions manuelles
[2026-02-24 19:37:19] [INFO] Matcher terminé. 0 succès, 0 échecs, 1 révisions manuelles
[2026-02-24 19:37:19] [INFO] Aucune ligne à traiter. Tous les morceaux sont déjà enrichis.
[2026-02-24 19:37:19] [INFO] Aucune ligne à traiter. Tous les morceaux sont déjà enrichis.
[2026-02-24 19:37:19] [INFO] Aucune ligne à traiter. Tous les morceaux sont déjà enrichis.
[2026-02-24 19:37:19] [INFO] Matcher terminé. 0 succès, 0 échecs, 1 révisions manuelles
[2026-02-24 19:37:19] [INFO] Matcher terminé. 0 succès, 0 échecs, 1 révisions manuelles
[2026-02-24 19:37:19] [INFO] Matcher terminé. 0 succès, 0 échecs, 1 révisions manuelles
[2026-02-24 19:37:19] [INFO] Matcher terminé. 0 succès, 0 échecs, 1 révisions manuelles
[2026-02-24 19:37:19] [INFO] Matcher terminé. 0 succès, 3 échecs, 0 révisions manuelles
[2026-02-24 19:37:19] [INFO] Matcher terminé. 0 succès, 3 échecs, 0 révisions manuelles
[2026-02-24 19:37:19] [INFO] Matcher terminé. 0 succès, 3 échecs, 0 révisions manuelles
[2026-02-24 19:37:19] [INFO] Matcher terminé. 0 succès, 3 échecs, 0 révisions manuelles
[2026-02-24 19:37:19] [INFO] Matcher terminé. 0 succès, 3 échecs, 0 révisions manuelles
[2026-02-24 19:37:19] [INFO] Matcher terminé. 1 succès, 0 échecs, 0 révisions manuelles
[2026-02-24 19:37:19] [INFO] Matcher terminé. 1 succès, 0 échecs, 0 révisions manuelles
[2026-02-24 19:37:19] [INFO] Matcher terminé. 1 succès, 0 échecs, 0 révisions manuelles
[2026-02-24 19:37:19] [INFO] Matcher terminé. 1 succès, 0 échecs, 0 révisions manuelles
[2026-02-24 19:37:19] [INFO] Matcher terminé. 1 succès, 0 échecs, 0 révisions manuelles
[2026-02-24 19:37:19] [INFO] Matcher terminé. 1 succès, 0 échecs, 0 révisions manuelles
[2026-02-24 19:37:19] [INFO] Matcher terminé. 1 succès, 0 échecs, 0 révisions manuelles
[2026-02-24 19:37:19] [INFO] Matcher terminé. 1 succès, 0 échecs, 0 révisions manuelles
[2026-02-24 19:37:19] [INFO] Matcher terminé. 1 succès, 0 échecs, 0 révisions manuelles
[2026-02-24 19:37:19] [INFO] Matcher terminé. 1 succès, 0 échecs, 0 révisions manuelles
[2026-02-24 19:37:19] [INFO] Matcher terminé. 1 succès, 0 échecs, 0 révisions manuelles
[2026-02-24 19:37:19] [INFO] Matcher terminé. 1 succès, 0 échecs, 0 révisions manuelles
[2026-02-24 19:37:19] [INFO] Matcher terminé. 1 succès, 0 échecs, 0 révisions manuelles
[2026-02-24 19:37:19] [INFO] Matcher terminé. 1 succès, 1 échecs, 0 révisions manuelles
[2026-02-24 19:37:19] [INFO] Matcher terminé. 1 succès, 1 échecs, 0 révisions manuelles
[2026-02-24 19:37:19] [INFO] Matcher terminé. 1 succès, 1 échecs, 0 révisions manuelles
[2026-02-24 19:37:19] [INFO] Matcher terminé. 1 succès, 1 échecs, 0 révisions manuelles
[2026-02-24 19:37:19] [INFO] Matcher terminé. 1 succès, 1 échecs, 0 révisions manuelles
[2026-02-24 19:37:19] [INFO] Matcher terminé. 1 succès, 1 échecs, 0 révisions manuelles
[2026-02-24 19:37:19] [INFO] Matcher terminé. 1 succès, 1 échecs, 0 révisions manuelles
[2026-02-24 19:37:19] [INFO] Matcher terminé. 1 succès, 1 échecs, 0 révisions manuelles
[2026-02-24 19:37:19] [INFO] Matcher terminé. 1 succès, 0 échecs, 0 révisions manuelles
[2026-02-24 19:37:19] [INFO] Matcher terminé. 1 succès, 0 échecs, 0 révisions manuelles
[2026-02-24 19:37:19] [INFO] Matcher terminé. 1 succès, 0 échecs, 0 révisions manuelles
[2026-02-24 19:37:19] [INFO] Matcher terminé. 1 succès, 0 échecs, 0 révisions manuelles
[2026-02-24 19:37:19] [INFO] Matcher terminé. 1 succès, 0 échecs, 0 révisions manuelles
[2026-02-24 19:37:19] [INFO] Matcher terminé. 1 succès, 0 échecs, 0 révisions manuelles
[2026-02-24 19:37:19] [INFO] Matcher terminé. 1 succès, 0 échecs, 0 révisions manuelles
[2026-02-24 19:37:19] [INFO] Matcher terminé. 1 succès, 0 échecs, 0 révisions manuelles
[2026-02-24 19:37:19] [INFO] Matcher terminé. 1 succès, 0 échecs, 0 révisions manuelles
[2026-02-24 19:37:19] [INFO] Matcher terminé. 0 succès, 0 échecs, 1 révisions manuelles
[2026-02-24 19:37:19] [INFO] Matcher terminé. 0 succès, 0 échecs, 1 révisions manuelles
[2026-02-24 19:37:19] [INFO] Matcher terminé. 0 succès, 0 échecs, 1 révisions manuelles
[2026-02-24 19:37:19] [INFO] Matcher terminé. 0 succès, 0 échecs, 1 révisions manuelles
[2026-02-24 19:37:19] [INFO] Matcher terminé. 0 succès, 0 échecs, 1 révisions manuelles
[2026-02-24 19:37:19] [INFO] Matcher terminé. 0 succès, 0 échecs, 1 révisions manuelles
[2026-02-24 19:37:19] [INFO] Matcher terminé. 0 succès, 0 échecs, 1 révisions manuelles
[2026-02-24 19:37:19] [INFO] Matcher terminé. 0 succès, 0 échecs, 1 révisions manuelles
[2026-02-24 19:37:19] [INFO] Matcher terminé. 0 succès, 0 échecs, 1 révisions manuelles
[2026-02-24 19:37:19] [INFO] Matcher terminé. 0 succès, 0 échecs, 1 révisions manuelles
[2026-02-24 19:37:19] [INFO] Matcher terminé. 1 succès, 0 échecs, 0 révisions manuelles
[2026-02-24 19:37:19] [INFO] Matcher terminé. 1 succès, 0 échecs, 0 révisions manuelles
[2026-02-24 19:37:19] [INFO] Matcher terminé. 1 succès, 0 échecs, 0 révisions manuelles
[2026-02-24 19:37:19] [INFO] Matcher terminé. 1 succès, 0 échecs, 0 révisions manuelles
[2026-02-24 19:37:19] [INFO] Matcher terminé. 1 succès, 0 échecs, 0 révisions manuelles
[2026-02-24 19:37:19] [INFO] Matcher terminé. 1 succès, 0 échecs, 0 révisions manuelles
[2026-02-24 19:37:19] [INFO] Matcher terminé. 1 succès, 0 échecs, 0 révisions manuelles
[2026-02-24 19:37:19] [INFO] Matcher terminé. 1 succès, 0 échecs, 0 révisions manuelles
[2026-02-24 19:37:19] [INFO] Matcher terminé. 1 succès, 0 échecs, 0 révisions manuelles
[2026-02-24 19:37:19] [INFO] Matcher terminé. 1 succès, 0 échecs, 0 révisions manuelles
[2026-02-24 19:37:19] [INFO] Matcher terminé. 1 succès, 0 échecs, 0 révisions manuelles
[2026-02-24 19:37:19] [WARNING] [RETRY 1/3] Erreur réseau : HTTP 429 | Attente 1s avant nouvelle tentative...
[2026-02-24 19:37:19] [WARNING] [RETRY 1/3] Erreur réseau : HTTP 429 | Attente 1s avant nouvelle tentative...
[2026-02-24 19:37:19] [WARNING] [RETRY 1/3] Erreur réseau : HTTP 429 | Attente 1s avant nouvelle tentative...
[2026-02-24 19:37:19] [WARNING] [RETRY 1/3] Erreur réseau : HTTP 429 | Attente 1s avant nouvelle tentative...
[2026-02-24 19:37:19] [WARNING] [RETRY 1/3] Erreur réseau : HTTP 429 | Attente 1s avant nouvelle tentative...
[2026-02-24 19:37:19] [WARNING] [RETRY 1/3] Erreur réseau : HTTP 429 | Attente 1s avant nouvelle tentative...
[2026-02-24 19:37:19] [WARNING] [RETRY 1/3] Erreur réseau : HTTP 429 | Attente 1s avant nouvelle tentative...
[2026-02-24 19:37:19] [WARNING] [RETRY 1/3] Erreur réseau : HTTP 429 | Attente 1s avant nouvelle tentative...
[2026-02-24 19:37:19] [WARNING] [RETRY 1/3] Erreur réseau : HTTP 429 | Attente 1s avant nouvelle tentative...
[2026-02-24 19:37:19] [WARNING] [RETRY 1/3] Erreur réseau : HTTP 429 | Attente 1s avant nouvelle tentative...
[2026-02-24 19:37:19] [WARNING] [RETRY 1/3] Erreur réseau : HTTP 429 | Attente 1s avant nouvelle tentative...
[2026-02-24 19:37:19] [WARNING] [RETRY 1/3] Erreur réseau : HTTP 429 | Attente 1s avant nouvelle tentative...
[2026-02-24 19:37:19] [INFO] Matcher terminé. 1 succès, 0 échecs, 0 révisions manuelles
[2026-02-24 19:37:19] [INFO] Matcher terminé. 1 succès, 0 échecs, 0 révisions manuelles
[2026-02-24 19:37:19] [INFO] Matcher terminé. 1 succès, 0 échecs, 0 révisions manuelles
[2026-02-24 19:37:19] [INFO] Matcher terminé. 1 succès, 0 échecs, 0 révisions manuelles
[2026-02-24 19:37:19] [INFO] Matcher terminé. 1 succès, 0 échecs, 0 révisions manuelles
[2026-02-24 19:37:19] [INFO] Matcher terminé. 1 succès, 0 échecs, 0 révisions manuelles
[2026-02-24 19:37:19] [INFO] Matcher terminé. 1 succès, 0 échecs, 0 révisions manuelles
[2026-02-24 19:37:19] [INFO] Matcher terminé. 1 succès, 0 échecs, 0 révisions manuelles
[2026-02-24 19:37:19] [INFO] Matcher terminé. 1 succès, 0 échecs, 0 révisions manuelles
[2026-02-24 19:37:19] [INFO] Matcher terminé. 1 succès, 0 échecs, 0 révisions manuelles
[2026-02-24 19:37:19] [INFO] Matcher terminé. 1 succès, 0 échecs, 0 révisions manuelles
[2026-02-24 19:37:19] [INFO] Matcher terminé. 1 succès, 0 échecs, 0 révisions manuelles
[2026-02-24 19:37:19] [WARNING] [RETRY 1/3] Erreur réseau : Always fails | Attente 1s avant nouvelle tentative...
[2026-02-24 19:37:19] [WARNING] [RETRY 1/3] Erreur réseau : Always fails | Attente 1s avant nouvelle tentative...
[2026-02-24 19:37:19] [WARNING] [RETRY 1/3] Erreur réseau : Always fails | Attente 1s avant nouvelle tentative...
[2026-02-24 19:37:19] [WARNING] [RETRY 1/3] Erreur réseau : Always fails | Attente 1s avant nouvelle tentative...
[2026-02-24 19:37:19] [WARNING] [RETRY 1/3] Erreur réseau : Always fails | Attente 1s avant nouvelle tentative...
[2026-02-24 19:37:19] [WARNING] [RETRY 1/3] Erreur réseau : Always fails | Attente 1s avant nouvelle tentative...
[2026-02-24 19:37:19] [WARNING] [RETRY 1/3] Erreur réseau : Always fails | Attente 1s avant nouvelle tentative...
[2026-02-24 19:37:19] [WARNING] [RETRY 1/3] Erreur réseau : Always fails | Attente 1s avant nouvelle tentative...
[2026-02-24 19:37:19] [WARNING] [RETRY 1/3] Erreur réseau : Always fails | Attente 1s avant nouvelle tentative...
[2026-02-24 19:37:19] [WARNING] [RETRY 1/3] Erreur réseau : Always fails | Attente 1s avant nouvelle tentative...
[2026-02-24 19:37:19] [WARNING] [RETRY 1/3] Erreur réseau : Always fails | Attente 1s avant nouvelle tentative...
[2026-02-24 19:37:19] [WARNING] [RETRY 1/3] Erreur réseau : Always fails | Attente 1s avant nouvelle tentative...
[2026-02-24 19:37:19] [WARNING] [RETRY 1/3] Erreur réseau : Always fails | Attente 1s avant nouvelle tentative...
[2026-02-24 19:37:20] [WARNING] [RETRY 2/3] Erreur réseau : Always fails | Attente 2s avant nouvelle tentative...
[2026-02-24 19:37:20] [WARNING] [RETRY 2/3] Erreur réseau : Always fails | Attente 2s avant nouvelle tentative...
[2026-02-24 19:37:20] [WARNING] [RETRY 2/3] Erreur réseau : Always fails | Attente 2s avant nouvelle tentative...
[2026-02-24 19:37:20] [WARNING] [RETRY 2/3] Erreur réseau : Always fails | Attente 2s avant nouvelle tentative...
[2026-02-24 19:37:20] [WARNING] [RETRY 2/3] Erreur réseau : Always fails | Attente 2s avant nouvelle tentative...
[2026-02-24 19:37:20] [WARNING] [RETRY 2/3] Erreur réseau : Always fails | Attente 2s avant nouvelle tentative...
[2026-02-24 19:37:20] [WARNING] [RETRY 2/3] Erreur réseau : Always fails | Attente 2s avant nouvelle tentative...
[2026-02-24 19:37:20] [WARNING] [RETRY 2/3] Erreur réseau : Always fails | Attente 2s avant nouvelle tentative...
[2026-02-24 19:37:20] [WARNING] [RETRY 2/3] Erreur réseau : Always fails | Attente 2s avant nouvelle tentative...
[2026-02-24 19:37:20] [WARNING] [RETRY 2/3] Erreur réseau : Always fails | Attente 2s avant nouvelle tentative...
[2026-02-24 19:37:20] [WARNING] [RETRY 2/3] Erreur réseau : Always fails | Attente 2s avant nouvelle tentative...
[2026-02-24 19:37:20] [WARNING] [RETRY 2/3] Erreur réseau : Always fails | Attente 2s avant nouvelle tentative...
[2026-02-24 19:37:20] [WARNING] [RETRY 2/3] Erreur réseau : Always fails | Attente 2s avant nouvelle tentative...
[2026-02-24 19:37:22] [ERROR] [FAILED] Après 3 tentatives : Always fails
[2026-02-24 19:37:22] [ERROR] [FAILED] Après 3 tentatives : Always fails
[2026-02-24 19:37:22] [ERROR] [FAILED] Après 3 tentatives : Always fails
[2026-02-24 19:37:22] [ERROR] [FAILED] Après 3 tentatives : Always fails
[2026-02-24 19:37:22] [ERROR] [FAILED] Après 3 tentatives : Always fails
[2026-02-24 19:37:22] [ERROR] [FAILED] Après 3 tentatives : Always fails
[2026-02-24 19:37:22] [ERROR] [FAILED] Après 3 tentatives : Always fails
[2026-02-24 19:37:22] [ERROR] [FAILED] Après 3 tentatives : Always fails
[2026-02-24 19:37:22] [ERROR] [FAILED] Après 3 tentatives : Always fails
[2026-02-24 19:37:22] [ERROR] [FAILED] Après 3 tentatives : Always fails
[2026-02-24 19:37:22] [ERROR] [FAILED] Après 3 tentatives : Always fails
[2026-02-24 19:37:22] [ERROR] [FAILED] Après 3 tentatives : Always fails
[2026-02-24 19:37:22] [ERROR] [FAILED] Après 3 tentatives : Always fails
[2026-02-24 19:37:22] [INFO] Matcher terminé. 0 succès, 1 échecs, 0 révisions manuelles
[2026-02-24 19:37:22] [INFO] Matcher terminé. 0 succès, 1 échecs, 0 révisions manuelles
[2026-02-24 19:37:22] [INFO] Matcher terminé. 0 succès, 1 échecs, 0 révisions manuelles
[2026-02-24 19:37:22] [INFO] Matcher terminé. 0 succès, 1 échecs, 0 révisions manuelles
[2026-02-24 19:37:22] [INFO] Matcher terminé. 0 succès, 1 échecs, 0 révisions manuelles
[2026-02-24 19:37:22] [INFO] Matcher terminé. 0 succès, 1 échecs, 0 révisions manuelles
[2026-02-24 19:37:22] [INFO] Matcher terminé. 0 succès, 1 échecs, 0 révisions manuelles
[2026-02-24 19:37:22] [INFO] Matcher terminé. 0 succès, 1 échecs, 0 révisions manuelles
[2026-02-24 19:37:22] [INFO] Matcher terminé. 0 succès, 1 échecs, 0 révisions manuelles
[2026-02-24 19:37:22] [INFO] Matcher terminé. 0 succès, 1 échecs, 0 révisions manuelles
[2026-02-24 19:37:22] [INFO] Matcher terminé. 0 succès, 1 échecs, 0 révisions manuelles
[2026-02-24 19:37:22] [INFO] Matcher terminé. 0 succès, 1 échecs, 0 révisions manuelles
[2026-02-24 19:37:22] [INFO] Matcher terminé. 0 succès, 1 échecs, 0 révisions manuelles
[2026-02-24 19:37:22] [INFO] Matcher terminé. 3 succès, 0 échecs, 0 révisions manuelles
[2026-02-24 19:37:22] [INFO] Matcher terminé. 3 succès, 0 échecs, 0 révisions manuelles
[2026-02-24 19:37:22] [INFO] Matcher terminé. 3 succès, 0 échecs, 0 révisions manuelles
[2026-02-24 19:37:22] [INFO] Matcher terminé. 3 succès, 0 échecs, 0 révisions manuelles
[2026-02-24 19:37:22] [INFO] Matcher terminé. 3 succès, 0 échecs, 0 révisions manuelles
[2026-02-24 19:37:22] [INFO] Matcher terminé. 3 succès, 0 échecs, 0 révisions manuelles
[2026-02-24 19:37:22] [INFO] Matcher terminé. 3 succès, 0 échecs, 0 révisions manuelles
[2026-02-24 19:37:22] [INFO] Matcher terminé. 3 succès, 0 échecs, 0 révisions manuelles
[2026-02-24 19:37:22] [INFO] Matcher terminé. 3 succès, 0 échecs, 0 révisions manuelles
[2026-02-24 19:37:22] [INFO] Matcher terminé. 3 succès, 0 échecs, 0 révisions manuelles
[2026-02-24 19:37:22] [INFO] Matcher terminé. 3 succès, 0 échecs, 0 révisions manuelles
[2026-02-24 19:37:22] [INFO] Matcher terminé. 3 succès, 0 échecs, 0 révisions manuelles
[2026-02-24 19:37:22] [INFO] Matcher terminé. 3 succès, 0 échecs, 0 révisions manuelles
[2026-02-24 19:37:22] [INFO] Matcher terminé. 3 succès, 0 échecs, 0 révisions manuelles
[2026-02-24 19:37:22] [WARNING] [RETRY 1/3] Erreur réseau : HTTP 429 | Attente 1s avant nouvelle tentative...
[2026-02-24 19:37:22] [WARNING] [RETRY 1/3] Erreur réseau : HTTP 429 | Attente 1s avant nouvelle tentative...
[2026-02-24 19:37:22] [WARNING] [RETRY 1/3] Erreur réseau : HTTP 429 | Attente 1s avant nouvelle tentative...
[2026-02-24 19:37:22] [WARNING] [RETRY 1/3] Erreur réseau : HTTP 429 | Attente 1s avant nouvelle tentative...
[2026-02-24 19:37:22] [WARNING] [RETRY 1/3] Erreur réseau : HTTP 429 | Attente 1s avant nouvelle tentative...
[2026-02-24 19:37:22] [WARNING] [RETRY 1/3] Erreur réseau : HTTP 429 | Attente 1s avant nouvelle tentative...
[2026-02-24 19:37:22] [WARNING] [RETRY 1/3] Erreur réseau : HTTP 429 | Attente 1s avant nouvelle tentative...
[2026-02-24 19:37:22] [WARNING] [RETRY 1/3] Erreur réseau : HTTP 429 | Attente 1s avant nouvelle tentative...
[2026-02-24 19:37:22] [WARNING] [RETRY 1/3] Erreur réseau : HTTP 429 | Attente 1s avant nouvelle tentative...
[2026-02-24 19:37:22] [WARNING] [RETRY 1/3] Erreur réseau : HTTP 429 | Attente 1s avant nouvelle tentative...
[2026-02-24 19:37:22] [WARNING] [RETRY 1/3] Erreur réseau : HTTP 429 | Attente 1s avant nouvelle tentative...
[2026-02-24 19:37:22] [WARNING] [RETRY 1/3] Erreur réseau : HTTP 429 | Attente 1s avant nouvelle tentative...
[2026-02-24 19:37:22] [WARNING] [RETRY 1/3] Erreur réseau : HTTP 429 | Attente 1s avant nouvelle tentative...
[2026-02-24 19:37:22] [WARNING] [RETRY 1/3] Erreur réseau : HTTP 429 | Attente 1s avant nouvelle tentative...
[2026-02-24 19:37:22] [WARNING] [RETRY 1/3] Erreur réseau : HTTP 429 | Attente 1s avant nouvelle tentative...
[2026-02-24 19:37:22] [INFO] Matcher terminé. 1 succès, 0 échecs, 0 révisions manuelles
[2026-02-24 19:37:22] [INFO] Matcher terminé. 1 succès, 0 échecs, 0 révisions manuelles
[2026-02-24 19:37:22] [INFO] Matcher terminé. 1 succès, 0 échecs, 0 révisions manuelles
[2026-02-24 19:37:22] [INFO] Matcher terminé. 1 succès, 0 échecs, 0 révisions manuelles
[2026-02-24 19:37:22] [INFO] Matcher terminé. 1 succès, 0 échecs, 0 révisions manuelles
[2026-02-24 19:37:22] [INFO] Matcher terminé. 1 succès, 0 échecs, 0 révisions manuelles
[2026-02-24 19:37:22] [INFO] Matcher terminé. 1 succès, 0 échecs, 0 révisions manuelles
[2026-02-24 19:37:22] [INFO] Matcher terminé. 1 succès, 0 échecs, 0 révisions manuelles
[2026-02-24 19:37:22] [INFO] Matcher terminé. 1 succès, 0 échecs, 0 révisions manuelles
[2026-02-24 19:37:22] [INFO] Matcher terminé. 1 succès, 0 échecs, 0 révisions manuelles
[2026-02-24 19:37:22] [INFO] Matcher terminé. 1 succès, 0 échecs, 0 révisions manuelles
[2026-02-24 19:37:22] [INFO] Matcher terminé. 1 succès, 0 échecs, 0 révisions manuelles
[2026-02-24 19:37:22] [INFO] Matcher terminé. 1 succès, 0 échecs, 0 révisions manuelles
[2026-02-24 19:37:22] [INFO] Matcher terminé. 1 succès, 0 échecs, 0 révisions manuelles
[2026-02-24 19:37:22] [INFO] Matcher terminé. 1 succès, 0 échecs, 0 révisions manuelles
[2026-02-24 19:37:22] [INFO] ⏸  Matcher interrompu gracieusement via Ctrl+C
[2026-02-24 19:37:22] [INFO] ⏸  Matcher interrompu gracieusement via Ctrl+C
[2026-02-24 19:37:22] [INFO] ⏸  Matcher interrompu gracieusement via Ctrl+C
[2026-02-24 19:37:22] [INFO] ⏸  Matcher interrompu gracieusement via Ctrl+C
[2026-02-24 19:37:22] [INFO] ⏸  Matcher interrompu gracieusement via Ctrl+C
[2026-02-24 19:37:22] [INFO] ⏸  Matcher interrompu gracieusement via Ctrl+C
[2026-02-24 19:37:22] [INFO] ⏸  Matcher interrompu gracieusement via Ctrl+C
[2026-02-24 19:37:22] [INFO] ⏸  Matcher interrompu gracieusement via Ctrl+C
[2026-02-24 19:37:22] [INFO] ⏸  Matcher interrompu gracieusement via Ctrl+C
[2026-02-24 19:37:22] [INFO] ⏸  Matcher interrompu gracieusement via Ctrl+C
[2026-02-24 19:37:22] [INFO] ⏸  Matcher interrompu gracieusement via Ctrl+C
[2026-02-24 19:37:22] [INFO] ⏸  Matcher interrompu gracieusement via Ctrl+C
[2026-02-24 19:37:22] [INFO] ⏸  Matcher interrompu gracieusement via Ctrl+C
[2026-02-24 19:37:22] [INFO] ⏸  Matcher interrompu gracieusement via Ctrl+C
[2026-02-24 19:37:22] [INFO] ⏸  Matcher interrompu gracieusement via Ctrl+C
[2026-02-24 19:37:22] [INFO] ⏸  Matcher interrompu gracieusement via Ctrl+C
[2026-02-24 19:37:22] [INFO] Matcher terminé. 0 succès, 0 échecs, 0 révisions manuelles
[2026-02-24 19:37:22] [INFO] Matcher terminé. 0 succès, 0 échecs, 0 révisions manuelles
[2026-02-24 19:37:22] [INFO] Matcher terminé. 0 succès, 0 échecs, 0 révisions manuelles
[2026-02-24 19:37:22] [INFO] Matcher terminé. 0 succès, 0 échecs, 0 révisions manuelles
[2026-02-24 19:37:22] [INFO] Matcher terminé. 0 succès, 0 échecs, 0 révisions manuelles
[2026-02-24 19:37:22] [INFO] Matcher terminé. 0 succès, 0 échecs, 0 révisions manuelles
[2026-02-24 19:37:22] [INFO] Matcher terminé. 0 succès, 0 échecs, 0 révisions manuelles
[2026-02-24 19:37:22] [INFO] Matcher terminé. 0 succès, 0 échecs, 0 révisions manuelles
[2026-02-24 19:37:22] [INFO] Matcher terminé. 0 succès, 0 échecs, 0 révisions manuelles
[2026-02-24 19:37:22] [INFO] Matcher terminé. 0 succès, 0 échecs, 0 révisions manuelles
[2026-02-24 19:37:22] [INFO] Matcher terminé. 0 succès, 0 échecs, 0 révisions manuelles
[2026-02-24 19:37:22] [INFO] Matcher terminé. 0 succès, 0 échecs, 0 révisions manuelles
[2026-02-24 19:37:22] [INFO] Matcher terminé. 0 succès, 0 échecs, 0 révisions manuelles
[2026-02-24 19:37:22] [INFO] Matcher terminé. 0 succès, 0 échecs, 0 révisions manuelles
[2026-02-24 19:37:22] [INFO] Matcher terminé. 0 succès, 0 échecs, 0 révisions manuelles
[2026-02-24 19:37:22] [INFO] Matcher terminé. 0 succès, 0 échecs, 0 révisions manuelles
